[2026-08-07--16-10-20 INFO actix_server::builder] starting 5 workers
[2026-08-07--16-10-20 INFO actix_server::server] Tokio runtime found; starting in existing Tokio runtime
[2026-08-07--16-10-20 INFO actix_server::server] starting service: "actix-web-service-127.0.0.1:18488", workers: 5, listening on: 127.0.0.1:18488
[2026-08-07--16-10-20 INFO parity_ws] Listening for new connections on 127.0.0.1:9000.
[2026-08-07--16-10-20 INFO surfpool::cli::simnet] Datasource connection successful. Epoch 1013 / Slot index 237729 / Slot 437853729.
[2026-08-07--16-10-20 INFO surfpool::cli::simnet] Account 4yV9hhbG6swyNRdSTsWRxhzsw715kou1GtSyF2QohtHW updated.
[2026-08-07--16-10-20 INFO surfpool::cli::simnet] Genesis airdrop successful 4yV9hhbG6swyNRdSTsWRxhzsw715kou1GtSyF2QohtHW: 10000000000000
[2026-08-07--16-10-40 INFO surfpool::cli::simnet] Account JE86WkYvTrzW8HgNmrHY7dFYpCmSptUpKupbo2AdQ9cG updated.
[2026-08-07--16-10-40 INFO surfpool::cli::simnet] Account 9ypxGLzkMxi89eDerRKXWDXe44UY2z4hBig4mDhNq5Dp updated.
[2026-08-07--16-10-40 INFO surfpool::cli::simnet] Account GDH5TVdbTPUpRnXaRyQqiKUa7uZAbZ28Q2N9bhbKoMLm updated.
[2026-08-07--16-10-40 INFO surfpool::cli::simnet] Account DeS7sR48ZcFTUmt5FFEVDr1v1bh73aAbZiZq3SYr8Eh8 updated.
[2026-08-07--16-10-40 INFO surfpool::cli::simnet] Account 7bTK6Jis8Xpfrs8ZoUfiMDPazTcdPcTWheZFJTA5Z6X4 updated.
[2026-08-07--16-10-40 INFO surfpool::cli::simnet] Account zkdoVwnSFnSLtGJG7irJPEYUpmb4i7sGMGcnN6T9rnC updated.
[2026-08-07--16-10-41 INFO parity_ws::io] Accepted a new tcp connection from 127.0.0.1:54506.
[2026-08-07--16-10-41 WARN surfpool::cli::simnet] Websocket method 'slots_updates_subscribe' is uninmplemented
[2026-08-07--16-11-00 INFO surfpool::cli::simnet] Account 2AGcQuw6MocX68gMEsYKnPAHajfakWE6hSkiJ5M2wFsC updated.
[2026-08-07--16-11-00 INFO surfpool::cli::simnet] Account 497AK5c87zfYcFhmjcDd6Ursfg83x1rumQtmUE9Npump updated.
[2026-08-07--16-11-01 INFO surfpool::cli::simnet] Account 463MEnMeGyJekNZFQSTUABBEbLnvMTALbT6ZmsxAbAdq updated.
[2026-08-07--16-11-01 INFO surfpool::cli::simnet] Account So11111111111111111111111111111111111111112 updated.
[2026-08-07--16-11-01 INFO surfpool::cli::simnet] Account BZeq7y8ajn5Pjpy5KjEhF6eBY2H9ippTpqCtQLQPsmJf updated.
[2026-08-07--16-11-01 INFO surfpool::cli::simnet] Account GXPFM2caqTtQYC2cJ5yJRi9VDkpsYZXzYdwYpGnLmtDL updated.
[2026-08-07--16-11-01 INFO surfpool::cli::simnet] Account So11111111111111111111111111111111111111112 updated.
[2026-08-07--16-11-01 INFO surfpool::cli::simnet] Account AktftA98kSWAxn6kVSoqBXBELUArjKu2H9WmKB48ULFY updated.
[2026-08-07--16-11-01 INFO surfpool::cli::simnet] Account 497AK5c87zfYcFhmjcDd6Ursfg83x1rumQtmUE9Npump updated.
[2026-08-07--16-11-01 INFO surfpool::cli::simnet] Account H2fkwfCitjTEWqn2w2wJ9HsCLm3fW7CiGwfkCmuJ6oPX updated.
[2026-08-07--16-11-01 INFO surfpool::cli::simnet] Account 4wTV1YmiEkRvAtNtsSGPtUrqRYQMe5SKy2uB4Jjaxnjf updated.
[2026-08-07--16-11-01 INFO surfpool::cli::simnet] Account Hq2wp8uJ9jCPsYgNHex8RtqdvMPfVGoYwjvF1ATiwn2Y updated.
[2026-08-07--16-11-01 INFO surfpool::cli::simnet] Account 8Wf5TiAheLUqBrKXeYg2JtAFFMWtKdG2BSFgqUcPVwTt updated.
[2026-08-07--16-11-01 INFO surfpool::cli::simnet] Account 75Uu23mqWBb8LM8vDppqC1mQAnCcBuLXhVaDezVMQLRw updated.
[2026-08-07--16-11-01 INFO surfpool::cli::simnet] Account pfeeUxB6jkeY1Hxd7CsFCAjcbHA9rWtchMGdZ6VojVZ updated.
[2026-08-07--16-11-01 INFO surfpool::cli::simnet] Account Ce6TQqeHC9p8KetsN6JsjHK7UTZk7nasjjnr7XxXp9F1 updated.
[2026-08-07--16-11-01 INFO surfpool::cli::simnet] Account B5MvUwXdiW1NMM6QFFD3ssPKBujD4zMohncbM73Z2BQu updated.
[2026-08-07--16-11-01 INFO surfpool::cli::simnet] Account 6EF8rrecthR5Dkzon8Nwu78hRvfCKubJ14M5uBEwF6P updated.
[2026-08-07--16-11-43 INFO surfpool::cli::simnet] Account GmhM4s85HQXTpURsyNcWHYFUC9t7rDT185Dxipm5YFUL updated.
[2026-08-07--16-11-43 INFO surfpool::cli::simnet] Account 3fnYmH1iPbC4jtjPsr1XHDhWd86ApmETzNqQJsLqyYFp updated.
[2026-08-07--16-11-43 INFO surfpool::cli::simnet] Account 62qc2CNXwrYqQScmEdiZFFAnJR262PxWEuNQtxfafNgV updated.
[2026-08-07--16-11-43 INFO surfpool::cli::simnet] Account So11111111111111111111111111111111111111112 updated.
[2026-08-07--16-11-43 INFO surfpool::cli::simnet] Account 94qWNrtmfn42h3ZjUZwWvK1MEo9uVmmrBPd2hpNjYDjb updated.
[2026-08-07--16-11-43 INFO surfpool::cli::simnet] Account So11111111111111111111111111111111111111112 updated.
[2026-08-07--16-11-43 INFO surfpool::cli::simnet] Account 9JMZYzt8rKmKQCQC7H34ebeW8fYrvMrhqg9GADEe7uzH updated.
[2026-08-07--16-11-43 INFO surfpool::cli::simnet] Account 9M4giFFMxmFGXtc3feFzRai56WbBqehoSeRE5GK7gf7 updated.
[2026-08-07--16-11-43 INFO surfpool::cli::simnet] Account B2Qf5j7Me5kAz6vqN2BXZvJLzsTx5Bs9zaaQkFCspump updated.
[2026-08-07--16-11-43 INFO surfpool::cli::simnet] Account B2FthUCSqKZKRsJUEwBVwLWudDTb64iLddK6DEdqumxd updated.
[2026-08-07--16-11-43 INFO surfpool::cli::simnet] Account B7DFpyrb83CibUYLntwyj7qJsXhMxmPSeyYhzE7w8AqR updated.
[2026-08-07--16-11-43 INFO surfpool::cli::simnet] Account So11111111111111111111111111111111111111112 updated.
[2026-08-07--16-11-43 INFO surfpool::cli::simnet] Account GAFuhgcd328SkkBYHpfadzmef9hTGAFRCi9QoCnsZQug updated.
[2026-08-07--16-11-43 INFO surfpool::cli::simnet] Account GHtGfcPBpCoQ1QwE3Set8Cp2z8cLKrHkYnmKFSCxEJzc updated.
[2026-08-07--16-11-43 INFO surfpool::cli::simnet] Account B2Qf5j7Me5kAz6vqN2BXZvJLzsTx5Bs9zaaQkFCspump updated.
[2026-08-07--16-14-59 INFO surfpool::cli::simnet] Account 3BpXnfJaUTiwXnJNe7Ej1rcbzqTTQUvLShZaWazebsVR updated.
[2026-08-07--16-14-59 INFO surfpool::cli::simnet] Account So11111111111111111111111111111111111111112 updated.
[2026-08-07--16-14-59 INFO surfpool::cli::simnet] Account 6rVkF4HSgy1jrnC3HogfRgPHrq4CtLg5f11URpsC4i9D updated.
[2026-08-07--16-14-59 ERROR surfpool::cli::simnet] Transaction execution failed: Error processing Instruction 2: custom program error: 0x2
[2026-08-07--16-15-01 ERROR surfpool::cli::simnet] Transaction execution failed: Error processing Instruction 2: custom program error: 0x2
[2026-08-07--16-15-02 INFO surfpool::cli::simnet] Account 3WxFuFpo6JUpJuEADBsKA6mKNZPf4uQzCdFXbvfPhuwG updated.
[2026-08-07--16-15-02 INFO surfpool::cli::simnet] Account So11111111111111111111111111111111111111112 updated.
[2026-08-07--16-15-02 INFO surfpool::cli::simnet] Account 2o4PMVPTk5vMHwW9sjP99RgwnkkgN7MA3kXZzuPkhnMY updated.
[2026-08-07--16-15-02 ERROR surfpool::cli::simnet] Transaction execution failed: Error processing Instruction 2: custom program error: 0x2
[2026-08-07--16-15-22 INFO surfpool::cli::simnet] Account CxzkoS7D18DcuwYEDdE2vLa4Kbdr4rqQUuFe9XSHpump updated.
[2026-08-07--16-15-22 INFO surfpool::cli::simnet] Account FKZPaMLoxoxexJj3A54sUdPLx6KLmuWZD6NzCvPnqHdq updated.
[2026-08-07--16-15-34 INFO surfpool::cli::simnet] Account 7VtfL8fvgNfhz17qKRMjzQEXgbdpnHHHQRh54R9jP2RJ updated.
[2026-08-07--16-15-34 INFO surfpool::cli::simnet] Account So11111111111111111111111111111111111111112 updated.
[2026-08-07--16-15-34 INFO surfpool::cli::simnet] Account 7GFUN3bWzJMKMRZ34JLsvcqdssDbXnp589SiE33KVwcC updated.
[2026-08-07--16-15-34 INFO surfpool::cli::simnet] Account CxzkoS7D18DcuwYEDdE2vLa4Kbdr4rqQUuFe9XSHpump updated.
[2026-08-07--16-15-34 INFO surfpool::cli::simnet] Account 8xEpMjBSnkA8SXRHHGEH5UWMex5pCHvn6ZiBs6C2hrT5 updated.
[2026-08-07--16-15-34 INFO surfpool::cli::simnet] Account 9p66wVmF5gG6mkJdjEkujo8heikApTppzUQ4YHbm39Qg updated.
[2026-08-07--16-15-56 INFO actix_server::server] SIGTERM received; starting graceful shutdown
[2026-08-07--16-15-56 INFO actix_server::worker] shutting down idle worker
[2026-08-07--16-15-56 INFO actix_server::worker] shutting down idle worker
[2026-08-07--16-15-56 INFO actix_server::worker] shutting down idle worker
[2026-08-07--16-15-56 INFO actix_server::worker] shutting down idle worker
[2026-08-07--16-15-56 INFO actix_server::worker] shutting down idle worker
[2026-08-07--16-15-56 INFO actix_server::accept] accept thread stopped
[2026-08-07--17-04-42 INFO surfpool::cli::simnet] Account 54XX52641Jq97e68uhz16xtmSDw4j9Ui9cTtYQEjDvsh updated.
[2026-08-07--17-05-01 INFO parity_ws::io] Accepted a new tcp connection from 127.0.0.1:55673.
[2026-08-07--17-05-01 WARN surfpool::cli::simnet] Websocket method 'slots_updates_subscribe' is uninmplemented
[2026-08-07--17-05-25 INFO surfpool::cli::simnet] Account 7hTckgnGnLQR6sdH7YkqFTAA7VwTfYFaZ6EhEsU3saCX updated.
[2026-08-07--17-05-25 INFO surfpool::cli::simnet] Account So11111111111111111111111111111111111111112 updated.
[2026-08-07--17-05-25 INFO surfpool::cli::simnet] Account X5QPJcpph4mBAJDzc4hRziFftSbcygV59kRb2Fu6Je1 updated.
[2026-08-07--17-37-32 INFO surfpool::cli::simnet] Account 54XX52641Jq97e68uhz16xtmSDw4j9Ui9cTtYQEjDvsh updated.
[2026-08-07--17-37-51 INFO surfpool::cli::simnet] Account EsHoyZFWwf78CqZKQDivoKPxiZ7x4mmFXzkphAuRHvXw updated.
[2026-08-07--17-37-51 INFO surfpool::cli::simnet] Account 45Rm9FfKnt1LQX41bVTeQqLaXhBTC36MtNymdputpump updated.
[2026-08-07--17-37-59 INFO surfpool::cli::simnet] Account 45Rm9FfKnt1LQX41bVTeQqLaXhBTC36MtNymdputpump updated.
[2026-08-07--17-37-59 INFO surfpool::cli::simnet] Account e9Z7qkXDGj2BSum3NV4kaLPQsoqZPsBYaZKstfg6HUs updated.
[2026-08-07--17-37-59 INFO surfpool::cli::simnet] Account So11111111111111111111111111111111111111112 updated.
[2026-08-07--17-37-59 INFO surfpool::cli::simnet] Account D9oLn6mMczB1NwEKdVWdAfZxBmNJzvLuGz4o8MCApmw2 updated.
[2026-08-07--17-37-59 INFO surfpool::cli::simnet] Account 45Rm9FfKnt1LQX41bVTeQqLaXhBTC36MtNymdputpump updated.
[2026-08-07--17-37-59 INFO surfpool::cli::simnet] Account A2ih9RaoZyzg4uKCVAhgC4cd4tqLWMZrjpf8ru49ZY5b updated.
[2026-08-07--17-37-59 INFO surfpool::cli::simnet] Account C3yXGMohqW2dSzuT5Qc5hkT36tLfMYvpjxXA89GBQMnU updated.
[2026-08-07--17-37-59 INFO surfpool::cli::simnet] Account ECYLmopTeM5e1D4m9f8T9wbEYZ7Su7jgxVAgW4nKtrby updated.
[2026-08-07--17-38-02 INFO surfpool::cli::simnet] Account F4djiLG7rytgNvEPuPoRf3KYG8WfMfJxqpTPQf9tkfSf updated.
[2026-08-07--17-38-02 INFO surfpool::cli::simnet] Account 4X2NrWj2UvEJmPxFwyn6pDF8iVHoyDRJ1BsDN4XPpump updated.
[2026-08-07--17-38-05 INFO surfpool::cli::simnet] Account 4X2NrWj2UvEJmPxFwyn6pDF8iVHoyDRJ1BsDN4XPpump updated.
[2026-08-07--17-38-05 INFO surfpool::cli::simnet] Account AbxcVzcku4UDRJqRuNcrM7RqVCRvkXzsw3dd6mdL34GH updated.
[2026-08-07--17-38-05 INFO surfpool::cli::simnet] Account CtdzNZR1GUURGcfqDkn7AKrcGi1BKqsagJT7EmYDzb9i updated.
[2026-08-07--17-38-48 INFO surfpool::cli::simnet] Account 4budycTjhs9fD6xw62VBducVTNgMgJJ5BgtKq7mAZwn6 updated.
[2026-08-07--17-38-48 INFO surfpool::cli::simnet] Account So11111111111111111111111111111111111111112 updated.
[2026-08-07--17-38-48 INFO surfpool::cli::simnet] Account Bckr4rY4rUGvWtwqC9mnWN35LKzfPRcmsoMRYq6DFEjN updated.
